144 INFO: PyInstaller: 6.20.0, contrib hooks: 2026.6
144 INFO: Python: 3.14.3
176 INFO: Platform: Windows-11-10.0.26200-SP0
176 INFO: Python environment: C:\Users\somal\Desktop\projects\OpenSight\GDG2\.build-venv
178 INFO: Removing temporary files and cleaning cache in C:\Users\somal\AppData\Local\pyinstaller
OpenSight.spec:9: SyntaxWarning: "\_" is an invalid escape sequence. Such sequences will not work in the future. Did you mean "\\_"? A raw string is also an option.
  (r'.venv\Lib\site-packages\grpc\_cython\cygrpc.cp314-win_amd64.pyd', 'grpc\_cython'),
181 INFO: Module search paths (PYTHONPATH):
['C:\\Users\\somal\\Desktop\\projects\\OpenSight\\GDG2\\.build-venv\\Scripts\\pyinstaller.exe',
 'C:\\Users\\somal\\AppData\\Local\\Python\\pythoncore-3.14-64\\python314.zip',
 'C:\\Users\\somal\\AppData\\Local\\Python\\pythoncore-3.14-64\\DLLs',
 'C:\\Users\\somal\\AppData\\Local\\Python\\pythoncore-3.14-64\\Lib',
 'C:\\Users\\somal\\AppData\\Local\\Python\\pythoncore-3.14-64',
 'C:\\Users\\somal\\Desktop\\projects\\OpenSight\\GDG2\\.build-venv',
 'C:\\Users\\somal\\Desktop\\projects\\OpenSight\\GDG2\\.build-venv\\Lib\\site-packages',
 'C:\\Users\\somal\\Desktop\\projects\\OpenSight\\GDG2']
853 INFO: Appending 'binaries' from .spec
853 INFO: Appending 'datas' from .spec
866 INFO: checking Analysis
866 INFO: Building Analysis because Analysis-00.toc is non existent
866 INFO: Looking for Python shared library...
866 INFO: Using Python shared library: C:\Users\somal\AppData\Local\Python\pythoncore-3.14-64\python314.dll
866 INFO: Running Analysis Analysis-00.toc
866 INFO: Target bytecode optimization level: 0
866 INFO: Initializing module dependency graph...
868 INFO: Initializing module graph hook caches...
883 INFO: Analyzing modules for base_library.zip ...
2809 INFO: Processing standard module hook 'hook-encodings.py' from 'C:\\Users\\somal\\Desktop\\projects\\OpenSight\\GDG2\\.build-venv\\Lib\\site-packages\\PyInstaller\\hooks'
3337 INFO: Processing standard module hook 'hook-pickle.py' from 'C:\\Users\\somal\\Desktop\\projects\\OpenSight\\GDG2\\.build-venv\\Lib\\site-packages\\PyInstaller\\hooks'
3689 INFO: Processing standard module hook 'hook-difflib.py' from 'C:\\Users\\somal\\Desktop\\projects\\OpenSight\\GDG2\\.build-venv\\Lib\\site-packages\\PyInstaller\\hooks'
3705 INFO: Processing standard module hook 'hook-heapq.py' from 'C:\\Users\\somal\\Desktop\\projects\\OpenSight\\GDG2\\.build-venv\\Lib\\site-packages\\PyInstaller\\hooks'
6747 INFO: Caching module dependency graph...
6779 INFO: Analyzing C:\Users\somal\Desktop\projects\OpenSight\GDG2\desktop_app.py
6810 INFO: Processing pre-find-module-path hook 'hook-tkinter.py' from 'C:\\Users\\somal\\Desktop\\projects\\OpenSight\\GDG2\\.build-venv\\Lib\\site-packages\\PyInstaller\\hooks\\pre_find_module_path'
6810 INFO: TclTkInfo: initializing cached Tcl/Tk info...
7295 INFO: Processing standard module hook 'hook-_tkinter.py' from 'C:\\Users\\somal\\Desktop\\projects\\OpenSight\\GDG2\\.build-venv\\Lib\\site-packages\\PyInstaller\\hooks'
7597 INFO: Processing standard module hook 'hook-multiprocessing.util.py' from 'C:\\Users\\somal\\Desktop\\projects\\OpenSight\\GDG2\\.build-venv\\Lib\\site-packages\\PyInstaller\\hooks'
7715 INFO: Processing standard module hook 'hook-xml.py' from 'C:\\Users\\somal\\Desktop\\projects\\OpenSight\\GDG2\\.build-venv\\Lib\\site-packages\\PyInstaller\\hooks'
8081 INFO: Processing standard module hook 'hook-sysconfig.py' from 'C:\\Users\\somal\\Desktop\\projects\\OpenSight\\GDG2\\.build-venv\\Lib\\site-packages\\PyInstaller\\hooks'
8087 INFO: Processing standard module hook 'hook-_ctypes.py' from 'C:\\Users\\somal\\Desktop\\projects\\OpenSight\\GDG2\\.build-venv\\Lib\\site-packages\\PyInstaller\\hooks'
8701 INFO: Processing standard module hook 'hook-sounddevice.py' from 'C:\\Users\\somal\\Desktop\\projects\\OpenSight\\GDG2\\.build-venv\\Lib\\site-packages\\_pyinstaller_hooks_contrib\\stdhooks'
8744 INFO: Processing standard module hook 'hook-platform.py' from 'C:\\Users\\somal\\Desktop\\projects\\OpenSight\\GDG2\\.build-venv\\Lib\\site-packages\\PyInstaller\\hooks'
8824 INFO: Processing standard module hook 'hook-numpy.py' from 'C:\\Users\\somal\\Desktop\\projects\\OpenSight\\GDG2\\.build-venv\\Lib\\site-packages\\PyInstaller\\hooks'
11149 INFO: Processing pre-safe-import-module hook 'hook-typing_extensions.py' from 'C:\\Users\\somal\\Desktop\\projects\\OpenSight\\GDG2\\.build-venv\\Lib\\site-packages\\PyInstaller\\hooks\\pre_safe_import_module'
11150 INFO: SetuptoolsInfo: initializing cached setuptools info...
12409 INFO: Processing standard module hook 'hook-charset_normalizer.py' from 'C:\\Users\\somal\\Desktop\\projects\\OpenSight\\GDG2\\.build-venv\\Lib\\site-packages\\_pyinstaller_hooks_contrib\\stdhooks'
12773 INFO: Processing standard module hook 'hook-google.api_core.py' from 'C:\\Users\\somal\\Desktop\\projects\\OpenSight\\GDG2\\.build-venv\\Lib\\site-packages\\_pyinstaller_hooks_contrib\\stdhooks'
12788 INFO: Processing pre-safe-import-module hook 'hook-importlib_metadata.py' from 'C:\\Users\\somal\\Desktop\\projects\\OpenSight\\GDG2\\.build-venv\\Lib\\site-packages\\PyInstaller\\hooks\\pre_safe_import_module'
12788 INFO: Setuptools: 'importlib_metadata' appears to be a setuptools-vendored copy - creating alias to 'setuptools._vendor.importlib_metadata'!
12796 INFO: Processing standard module hook 'hook-setuptools.py' from 'C:\\Users\\somal\\Desktop\\projects\\OpenSight\\GDG2\\.build-venv\\Lib\\site-packages\\PyInstaller\\hooks'
12813 INFO: Processing pre-safe-import-module hook 'hook-distutils.py' from 'C:\\Users\\somal\\Desktop\\projects\\OpenSight\\GDG2\\.build-venv\\Lib\\site-packages\\PyInstaller\\hooks\\pre_safe_import_module'
12849 INFO: Processing pre-safe-import-module hook 'hook-jaraco.py' from 'C:\\Users\\somal\\Desktop\\projects\\OpenSight\\GDG2\\.build-venv\\Lib\\site-packages\\PyInstaller\\hooks\\pre_safe_import_module'
12850 INFO: Setuptools: 'jaraco' appears to be a full setuptools-vendored copy - creating alias to 'setuptools._vendor.jaraco'!
12862 INFO: Processing pre-safe-import-module hook 'hook-more_itertools.py' from 'C:\\Users\\somal\\Desktop\\projects\\OpenSight\\GDG2\\.build-venv\\Lib\\site-packages\\PyInstaller\\hooks\\pre_safe_import_module'
12863 INFO: Setuptools: 'more_itertools' appears to be a setuptools-vendored copy - creating alias to 'setuptools._vendor.more_itertools'!
13127 INFO: Processing pre-safe-import-module hook 'hook-packaging.py' from 'C:\\Users\\somal\\Desktop\\projects\\OpenSight\\GDG2\\.build-venv\\Lib\\site-packages\\PyInstaller\\hooks\\pre_safe_import_module'
13400 INFO: Processing standard module hook 'hook-setuptools._vendor.jaraco.text.py' from 'C:\\Users\\somal\\Desktop\\projects\\OpenSight\\GDG2\\.build-venv\\Lib\\site-packages\\PyInstaller\\hooks'
13401 INFO: Processing pre-safe-import-module hook 'hook-importlib_resources.py' from 'C:\\Users\\somal\\Desktop\\projects\\OpenSight\\GDG2\\.build-venv\\Lib\\site-packages\\PyInstaller\\hooks\\pre_safe_import_module'
13414 INFO: Processing pre-safe-import-module hook 'hook-backports.py' from 'C:\\Users\\somal\\Desktop\\projects\\OpenSight\\GDG2\\.build-venv\\Lib\\site-packages\\PyInstaller\\hooks\\pre_safe_import_module'
13414 INFO: Setuptools: 'backports' appears to be a full setuptools-vendored copy - creating alias to 'setuptools._vendor.backports'!
13925 INFO: Processing pre-safe-import-module hook 'hook-tomli.py' from 'C:\\Users\\somal\\Desktop\\projects\\OpenSight\\GDG2\\.build-venv\\Lib\\site-packages\\PyInstaller\\hooks\\pre_safe_import_module'
13925 INFO: Setuptools: 'tomli' appears to be a setuptools-vendored copy - creating alias to 'setuptools._vendor.tomli'!
14575 INFO: Processing pre-safe-import-module hook 'hook-wheel.py' from 'C:\\Users\\somal\\Desktop\\projects\\OpenSight\\GDG2\\.build-venv\\Lib\\site-packages\\PyInstaller\\hooks\\pre_safe_import_module'
14575 INFO: Setuptools: 'wheel' appears to be a setuptools-vendored copy - creating alias to 'setuptools._vendor.wheel'!
14643 INFO: Processing standard module hook 'hook-setuptools._vendor.importlib_metadata.py' from 'C:\\Users\\somal\\Desktop\\projects\\OpenSight\\GDG2\\.build-venv\\Lib\\site-packages\\PyInstaller\\hooks'
14670 INFO: Processing pre-safe-import-module hook 'hook-zipp.py' from 'C:\\Users\\somal\\Desktop\\projects\\OpenSight\\GDG2\\.build-venv\\Lib\\site-packages\\PyInstaller\\hooks\\pre_safe_import_module'
14670 INFO: Setuptools: 'zipp' appears to be a setuptools-vendored copy - creating alias to 'setuptools._vendor.zipp'!
15351 INFO: Processing standard module hook 'hook-grpc.py' from 'C:\\Users\\somal\\Desktop\\projects\\OpenSight\\GDG2\\.build-venv\\Lib\\site-packages\\_pyinstaller_hooks_contrib\\stdhooks'
15835 INFO: Processing standard module hook 'hook-urllib3.py' from 'C:\\Users\\somal\\Desktop\\projects\\OpenSight\\GDG2\\.build-venv\\Lib\\site-packages\\_pyinstaller_hooks_contrib\\stdhooks'
17062 INFO: Processing standard module hook 'hook-cryptography.py' from 'C:\\Users\\somal\\Desktop\\projects\\OpenSight\\GDG2\\.build-venv\\Lib\\site-packages\\_pyinstaller_hooks_contrib\\stdhooks'
18354 INFO: hook-cryptography: cryptography does not seem to be using dynamically linked OpenSSL.
18847 INFO: Processing standard module hook 'hook-certifi.py' from 'C:\\Users\\somal\\Desktop\\projects\\OpenSight\\GDG2\\.build-venv\\Lib\\site-packages\\_pyinstaller_hooks_contrib\\stdhooks'
19871 INFO: Processing standard module hook 'hook-pycparser.py' from 'C:\\Users\\somal\\Desktop\\projects\\OpenSight\\GDG2\\.build-venv\\Lib\\site-packages\\_pyinstaller_hooks_contrib\\stdhooks'
21909 INFO: Processing standard module hook 'hook-pydantic.py' from 'C:\\Users\\somal\\Desktop\\projects\\OpenSight\\GDG2\\.build-venv\\Lib\\site-packages\\_pyinstaller_hooks_contrib\\stdhooks'
22965 INFO: Processing standard module hook 'hook-zoneinfo.py' from 'C:\\Users\\somal\\Desktop\\projects\\OpenSight\\GDG2\\.build-venv\\Lib\\site-packages\\_pyinstaller_hooks_contrib\\stdhooks'
25444 INFO: Processing standard module hook 'hook-playwright.sync_api.py' from 'C:\\Users\\somal\\Desktop\\projects\\OpenSight\\GDG2\\.build-venv\\Lib\\site-packages\\playwright\\_impl\\__pyinstaller'
26749 INFO: Processing standard module hook 'hook-PIL.py' from 'C:\\Users\\somal\\Desktop\\projects\\OpenSight\\GDG2\\.build-venv\\Lib\\site-packages\\PyInstaller\\hooks'
26898 INFO: Processing standard module hook 'hook-PIL.Image.py' from 'C:\\Users\\somal\\Desktop\\projects\\OpenSight\\GDG2\\.build-venv\\Lib\\site-packages\\PyInstaller\\hooks'
27321 INFO: Processing standard module hook 'hook-xml.etree.cElementTree.py' from 'C:\\Users\\somal\\Desktop\\projects\\OpenSight\\GDG2\\.build-venv\\Lib\\site-packages\\PyInstaller\\hooks'
27558 INFO: Processing standard module hook 'hook-PIL.ImageFilter.py' from 'C:\\Users\\somal\\Desktop\\projects\\OpenSight\\GDG2\\.build-venv\\Lib\\site-packages\\PyInstaller\\hooks'
27874 INFO: Analyzing hidden import 'websockets'
27878 INFO: Processing standard module hook 'hook-websockets.py' from 'C:\\Users\\somal\\Desktop\\projects\\OpenSight\\GDG2\\.build-venv\\Lib\\site-packages\\_pyinstaller_hooks_contrib\\stdhooks'
28431 INFO: Analyzing hidden import 'websockets.legacy'
28432 INFO: Analyzing hidden import 'websockets.legacy.client'
28515 INFO: Analyzing hidden import 'websockets.legacy.server'
28544 INFO: Analyzing hidden import 'websockets.connection'
28545 INFO: Processing module hooks (post-graph stage)...
28554 WARNING: Hidden import "pycparser.lextab" not found!
28554 WARNING: Hidden import "pycparser.yacctab" not found!
28861 WARNING: Hidden import "tzdata" not found!
29226 INFO: Processing standard module hook 'hook-PIL.SpiderImagePlugin.py' from 'C:\\Users\\somal\\Desktop\\projects\\OpenSight\\GDG2\\.build-venv\\Lib\\site-packages\\PyInstaller\\hooks'
29379 INFO: Processing standard module hook 'hook-_tkinter.py' from 'C:\\Users\\somal\\Desktop\\projects\\OpenSight\\GDG2\\.build-venv\\Lib\\site-packages\\PyInstaller\\hooks'
29406 INFO: Performing binary vs. data reclassification (1407 entries)
29640 INFO: Looking for ctypes DLLs
29711 INFO: Analyzing run-time hooks ...
29716 INFO: Including run-time hook 'pyi_rth_inspect.py' from 'C:\\Users\\somal\\Desktop\\projects\\OpenSight\\GDG2\\.build-venv\\Lib\\site-packages\\PyInstaller\\hooks\\rthooks'
29719 INFO: Including run-time hook 'pyi_rth_pkgutil.py' from 'C:\\Users\\somal\\Desktop\\projects\\OpenSight\\GDG2\\.build-venv\\Lib\\site-packages\\PyInstaller\\hooks\\rthooks'
29722 INFO: Including run-time hook 'pyi_rth_multiprocessing.py' from 'C:\\Users\\somal\\Desktop\\projects\\OpenSight\\GDG2\\.build-venv\\Lib\\site-packages\\PyInstaller\\hooks\\rthooks'
29724 INFO: Including run-time hook 'pyi_rth_cryptography_openssl.py' from 'C:\\Users\\somal\\Desktop\\projects\\OpenSight\\GDG2\\.build-venv\\Lib\\site-packages\\_pyinstaller_hooks_contrib\\rthooks'
29725 INFO: Including run-time hook 'pyi_rth_setuptools.py' from 'C:\\Users\\somal\\Desktop\\projects\\OpenSight\\GDG2\\.build-venv\\Lib\\site-packages\\PyInstaller\\hooks\\rthooks'
29727 INFO: Including run-time hook 'pyi_rth__tkinter.py' from 'C:\\Users\\somal\\Desktop\\projects\\OpenSight\\GDG2\\.build-venv\\Lib\\site-packages\\PyInstaller\\hooks\\rthooks'
29771 INFO: Creating base_library.zip...
29790 INFO: Looking for dynamic libraries
38243 INFO: Extra DLL search directories (AddDllDirectory): ['C:\\Users\\somal\\Desktop\\projects\\OpenSight\\GDG2\\.build-venv\\Lib\\site-packages\\numpy.libs']
38243 INFO: Extra DLL search directories (PATH): []
40865 INFO: Warnings written to C:\Users\somal\Desktop\projects\OpenSight\GDG2\build\OpenSight\warn-OpenSight.txt
41165 INFO: Graph cross-reference written to C:\Users\somal\Desktop\projects\OpenSight\GDG2\build\OpenSight\xref-OpenSight.html
41247 INFO: checking PYZ
41248 INFO: Building PYZ because PYZ-00.toc is non existent
41248 INFO: Building PYZ (ZlibArchive) C:\Users\somal\Desktop\projects\OpenSight\GDG2\build\OpenSight\PYZ-00.pyz
42089 INFO: Building PYZ (ZlibArchive) C:\Users\somal\Desktop\projects\OpenSight\GDG2\build\OpenSight\PYZ-00.pyz completed successfully.
42138 INFO: checking PKG
42138 INFO: Building PKG because PKG-00.toc is non existent
42139 INFO: Building PKG (CArchive) OpenSight.pkg
52148 INFO: Building PKG (CArchive) OpenSight.pkg completed successfully.
52179 INFO: Bootloader C:\Users\somal\Desktop\projects\OpenSight\GDG2\.build-venv\Lib\site-packages\PyInstaller\bootloader\Windows-64bit-intel\run.exe
52179 INFO: checking EXE
52179 INFO: Building EXE because EXE-00.toc is non existent
52179 INFO: Building EXE from EXE-00.toc
52179 INFO: Copying bootloader EXE to C:\Users\somal\Desktop\projects\OpenSight\GDG2\dist\OpenSight.exe
52185 INFO: Copying icon to EXE
52189 INFO: Copying 0 resources to EXE
52189 INFO: Embedding manifest in EXE
52192 INFO: Appending PKG archive to EXE
52581 INFO: Fixing EXE headers
52952 INFO: Building EXE from EXE-00.toc completed successfully.
52983 INFO: Build complete! The results are available in: C:\Users\somal\Desktop\projects\OpenSight\GDG2\dist
